2026-07-24 22:54:48.591 Uvicorn server started on :::8501
2026-07-24 23:02:34.456 `label` got an empty value. This is discouraged for accessibility reasons and may be disallowed in the future by raising an exception. Please provide a non-empty label and hide it with label_visibility if needed.
Stack (most recent call last):
  File "C:\Users\moham\AppData\Local\Programs\Python\Python311\Lib\threading.py", line 1002, in _bootstrap
    self._bootstrap_inner()
  File "C:\Users\moham\AppData\Local\Programs\Python\Python311\Lib\threading.py", line 1045, in _bootstrap_inner
    self.run()
  File "C:\Users\moham\AppData\Local\Programs\Python\Python311\Lib\threading.py", line 982, in run
    self._target(*self._args, **self._kwargs)
  File "C:\projects\auto_grader_project2\.venv\Lib\site-packages\streamlit\runtime\scriptrunner\script_runner.py", line 418, in _run_script_thread
    self._run_script(request.rerun_data)
  File "C:\projects\auto_grader_project2\.venv\Lib\site-packages\streamlit\runtime\scriptrunner\script_runner.py", line 832, in _run_script
    ) = exec_func_with_error_handling(code_to_exec, ctx)
  File "C:\projects\auto_grader_project2\.venv\Lib\site-packages\streamlit\runtime\scriptrunner\exec_code.py", line 129, in exec_func_with_error_handling
    result = func()
  File "C:\projects\auto_grader_project2\.venv\Lib\site-packages\streamlit\runtime\scriptrunner\script_runner.py", line 807, in code_to_exec
    exec(code, module.__dict__)  # noqa: S102
  File "C:\projects\auto_grader_project2\frontend\streamlit_app.py", line 735, in <module>
    menu = st.selectbox(
  File "C:\projects\auto_grader_project2\.venv\Lib\site-packages\streamlit\runtime\metrics_util.py", line 568, in wrapped_func
    result = non_optional_func(*args, **kwargs)
  File "C:\projects\auto_grader_project2\.venv\Lib\site-packages\streamlit\elements\widgets\selectbox.py", line 576, in selectbox
    return self._selectbox(
  File "C:\projects\auto_grader_project2\.venv\Lib\site-packages\streamlit\elements\widgets\selectbox.py", line 627, in _selectbox
    maybe_raise_label_warnings(label, label_visibility)
  File "C:\projects\auto_grader_project2\.venv\Lib\site-packages\streamlit\elements\lib\policies.py", line 150, in maybe_raise_label_warnings
    _LOGGER.warning(
2026-07-24 23:02:34.713 Please replace `use_container_width` with `width`.

`use_container_width` will be removed after 2025-12-31.

For `use_container_width=True`, use `width='stretch'`. For `use_container_width=False`, use `width='content'`.
2026-07-24 23:04:17.176 `label` got an empty value. This is discouraged for accessibility reasons and may be disallowed in the future by raising an exception. Please provide a non-empty label and hide it with label_visibility if needed.
Stack (most recent call last):
  File "C:\Users\moham\AppData\Local\Programs\Python\Python311\Lib\threading.py", line 1002, in _bootstrap
    self._bootstrap_inner()
  File "C:\Users\moham\AppData\Local\Programs\Python\Python311\Lib\threading.py", line 1045, in _bootstrap_inner
    self.run()
  File "C:\Users\moham\AppData\Local\Programs\Python\Python311\Lib\threading.py", line 982, in run
    self._target(*self._args, **self._kwargs)
  File "C:\projects\auto_grader_project2\.venv\Lib\site-packages\streamlit\runtime\scriptrunner\script_runner.py", line 418, in _run_script_thread
    self._run_script(request.rerun_data)
  File "C:\projects\auto_grader_project2\.venv\Lib\site-packages\streamlit\runtime\scriptrunner\script_runner.py", line 832, in _run_script
    ) = exec_func_with_error_handling(code_to_exec, ctx)
  File "C:\projects\auto_grader_project2\.venv\Lib\site-packages\streamlit\runtime\scriptrunner\exec_code.py", line 129, in exec_func_with_error_handling
    result = func()
  File "C:\projects\auto_grader_project2\.venv\Lib\site-packages\streamlit\runtime\scriptrunner\script_runner.py", line 807, in code_to_exec
    exec(code, module.__dict__)  # noqa: S102
  File "C:\projects\auto_grader_project2\frontend\streamlit_app.py", line 735, in <module>
    menu = st.selectbox(
  File "C:\projects\auto_grader_project2\.venv\Lib\site-packages\streamlit\runtime\metrics_util.py", line 568, in wrapped_func
    result = non_optional_func(*args, **kwargs)
  File "C:\projects\auto_grader_project2\.venv\Lib\site-packages\streamlit\elements\widgets\selectbox.py", line 576, in selectbox
    return self._selectbox(
  File "C:\projects\auto_grader_project2\.venv\Lib\site-packages\streamlit\elements\widgets\selectbox.py", line 627, in _selectbox
    maybe_raise_label_warnings(label, label_visibility)
  File "C:\projects\auto_grader_project2\.venv\Lib\site-packages\streamlit\elements\lib\policies.py", line 150, in maybe_raise_label_warnings
    _LOGGER.warning(
2026-07-24 23:04:17.197 Please replace `use_container_width` with `width`.

`use_container_width` will be removed after 2025-12-31.

For `use_container_width=True`, use `width='stretch'`. For `use_container_width=False`, use `width='content'`.
2026-07-24 23:04:48.135 `label` got an empty value. This is discouraged for accessibility reasons and may be disallowed in the future by raising an exception. Please provide a non-empty label and hide it with label_visibility if needed.
Stack (most recent call last):
  File "C:\Users\moham\AppData\Local\Programs\Python\Python311\Lib\threading.py", line 1002, in _bootstrap
    self._bootstrap_inner()
  File "C:\Users\moham\AppData\Local\Programs\Python\Python311\Lib\threading.py", line 1045, in _bootstrap_inner
    self.run()
  File "C:\Users\moham\AppData\Local\Programs\Python\Python311\Lib\threading.py", line 982, in run
    self._target(*self._args, **self._kwargs)
  File "C:\projects\auto_grader_project2\.venv\Lib\site-packages\streamlit\runtime\scriptrunner\script_runner.py", line 418, in _run_script_thread
    self._run_script(request.rerun_data)
  File "C:\projects\auto_grader_project2\.venv\Lib\site-packages\streamlit\runtime\scriptrunner\script_runner.py", line 832, in _run_script
    ) = exec_func_with_error_handling(code_to_exec, ctx)
  File "C:\projects\auto_grader_project2\.venv\Lib\site-packages\streamlit\runtime\scriptrunner\exec_code.py", line 129, in exec_func_with_error_handling
    result = func()
  File "C:\projects\auto_grader_project2\.venv\Lib\site-packages\streamlit\runtime\scriptrunner\script_runner.py", line 807, in code_to_exec
    exec(code, module.__dict__)  # noqa: S102
  File "C:\projects\auto_grader_project2\frontend\streamlit_app.py", line 756, in <module>
    menu = st.selectbox(
  File "C:\projects\auto_grader_project2\.venv\Lib\site-packages\streamlit\runtime\metrics_util.py", line 568, in wrapped_func
    result = non_optional_func(*args, **kwargs)
  File "C:\projects\auto_grader_project2\.venv\Lib\site-packages\streamlit\elements\widgets\selectbox.py", line 576, in selectbox
    return self._selectbox(
  File "C:\projects\auto_grader_project2\.venv\Lib\site-packages\streamlit\elements\widgets\selectbox.py", line 627, in _selectbox
    maybe_raise_label_warnings(label, label_visibility)
  File "C:\projects\auto_grader_project2\.venv\Lib\site-packages\streamlit\elements\lib\policies.py", line 150, in maybe_raise_label_warnings
    _LOGGER.warning(
2026-07-24 23:04:48.160 Please replace `use_container_width` with `width`.

`use_container_width` will be removed after 2025-12-31.

For `use_container_width=True`, use `width='stretch'`. For `use_container_width=False`, use `width='content'`.
2026-07-24 23:34:24.049 `label` got an empty value. This is discouraged for accessibility reasons and may be disallowed in the future by raising an exception. Please provide a non-empty label and hide it with label_visibility if needed.
Stack (most recent call last):
  File "C:\Users\moham\AppData\Local\Programs\Python\Python311\Lib\threading.py", line 1002, in _bootstrap
    self._bootstrap_inner()
  File "C:\Users\moham\AppData\Local\Programs\Python\Python311\Lib\threading.py", line 1045, in _bootstrap_inner
    self.run()
  File "C:\Users\moham\AppData\Local\Programs\Python\Python311\Lib\threading.py", line 982, in run
    self._target(*self._args, **self._kwargs)
  File "C:\projects\auto_grader_project2\.venv\Lib\site-packages\streamlit\runtime\scriptrunner\script_runner.py", line 418, in _run_script_thread
    self._run_script(request.rerun_data)
  File "C:\projects\auto_grader_project2\.venv\Lib\site-packages\streamlit\runtime\scriptrunner\script_runner.py", line 832, in _run_script
    ) = exec_func_with_error_handling(code_to_exec, ctx)
  File "C:\projects\auto_grader_project2\.venv\Lib\site-packages\streamlit\runtime\scriptrunner\exec_code.py", line 129, in exec_func_with_error_handling
    result = func()
  File "C:\projects\auto_grader_project2\.venv\Lib\site-packages\streamlit\runtime\scriptrunner\script_runner.py", line 807, in code_to_exec
    exec(code, module.__dict__)  # noqa: S102
  File "C:\projects\auto_grader_project2\frontend\streamlit_app.py", line 1213, in <module>
    st.metric("", "127", "+12")
  File "C:\projects\auto_grader_project2\.venv\Lib\site-packages\streamlit\runtime\metrics_util.py", line 568, in wrapped_func
    result = non_optional_func(*args, **kwargs)
  File "C:\projects\auto_grader_project2\.venv\Lib\site-packages\streamlit\elements\metric.py", line 370, in metric
    maybe_raise_label_warnings(label, label_visibility)
  File "C:\projects\auto_grader_project2\.venv\Lib\site-packages\streamlit\elements\lib\policies.py", line 150, in maybe_raise_label_warnings
    _LOGGER.warning(
2026-07-24 23:34:24.053 `label` got an empty value. This is discouraged for accessibility reasons and may be disallowed in the future by raising an exception. Please provide a non-empty label and hide it with label_visibility if needed.
Stack (most recent call last):
  File "C:\Users\moham\AppData\Local\Programs\Python\Python311\Lib\threading.py", line 1002, in _bootstrap
    self._bootstrap_inner()
  File "C:\Users\moham\AppData\Local\Programs\Python\Python311\Lib\threading.py", line 1045, in _bootstrap_inner
    self.run()
  File "C:\Users\moham\AppData\Local\Programs\Python\Python311\Lib\threading.py", line 982, in run
    self._target(*self._args, **self._kwargs)
  File "C:\projects\auto_grader_project2\.venv\Lib\site-packages\streamlit\runtime\scriptrunner\script_runner.py", line 418, in _run_script_thread
    self._run_script(request.rerun_data)
  File "C:\projects\auto_grader_project2\.venv\Lib\site-packages\streamlit\runtime\scriptrunner\script_runner.py", line 832, in _run_script
    ) = exec_func_with_error_handling(code_to_exec, ctx)
  File "C:\projects\auto_grader_project2\.venv\Lib\site-packages\streamlit\runtime\scriptrunner\exec_code.py", line 129, in exec_func_with_error_handling
    result = func()
  File "C:\projects\auto_grader_project2\.venv\Lib\site-packages\streamlit\runtime\scriptrunner\script_runner.py", line 807, in code_to_exec
    exec(code, module.__dict__)  # noqa: S102
  File "C:\projects\auto_grader_project2\frontend\streamlit_app.py", line 1215, in <module>
    st.metric("", "3", "-2")
  File "C:\projects\auto_grader_project2\.venv\Lib\site-packages\streamlit\runtime\metrics_util.py", line 568, in wrapped_func
    result = non_optional_func(*args, **kwargs)
  File "C:\projects\auto_grader_project2\.venv\Lib\site-packages\streamlit\elements\metric.py", line 370, in metric
    maybe_raise_label_warnings(label, label_visibility)
  File "C:\projects\auto_grader_project2\.venv\Lib\site-packages\streamlit\elements\lib\policies.py", line 150, in maybe_raise_label_warnings
    _LOGGER.warning(
2026-07-24 23:34:29.184 `label` got an empty value. This is discouraged for accessibility reasons and may be disallowed in the future by raising an exception. Please provide a non-empty label and hide it with label_visibility if needed.
Stack (most recent call last):
  File "C:\Users\moham\AppData\Local\Programs\Python\Python311\Lib\threading.py", line 1002, in _bootstrap
    self._bootstrap_inner()
  File "C:\Users\moham\AppData\Local\Programs\Python\Python311\Lib\threading.py", line 1045, in _bootstrap_inner
    self.run()
  File "C:\Users\moham\AppData\Local\Programs\Python\Python311\Lib\threading.py", line 982, in run
    self._target(*self._args, **self._kwargs)
  File "C:\projects\auto_grader_project2\.venv\Lib\site-packages\streamlit\runtime\scriptrunner\script_runner.py", line 418, in _run_script_thread
    self._run_script(request.rerun_data)
  File "C:\projects\auto_grader_project2\.venv\Lib\site-packages\streamlit\runtime\scriptrunner\script_runner.py", line 832, in _run_script
    ) = exec_func_with_error_handling(code_to_exec, ctx)
  File "C:\projects\auto_grader_project2\.venv\Lib\site-packages\streamlit\runtime\scriptrunner\exec_code.py", line 129, in exec_func_with_error_handling
    result = func()
  File "C:\projects\auto_grader_project2\.venv\Lib\site-packages\streamlit\runtime\scriptrunner\script_runner.py", line 807, in code_to_exec
    exec(code, module.__dict__)  # noqa: S102
  File "C:\projects\auto_grader_project2\frontend\streamlit_app.py", line 1213, in <module>
    st.metric("", "127", "+12")
  File "C:\projects\auto_grader_project2\.venv\Lib\site-packages\streamlit\runtime\metrics_util.py", line 568, in wrapped_func
    result = non_optional_func(*args, **kwargs)
  File "C:\projects\auto_grader_project2\.venv\Lib\site-packages\streamlit\elements\metric.py", line 370, in metric
    maybe_raise_label_warnings(label, label_visibility)
  File "C:\projects\auto_grader_project2\.venv\Lib\site-packages\streamlit\elements\lib\policies.py", line 150, in maybe_raise_label_warnings
    _LOGGER.warning(
2026-07-24 23:34:29.184 `label` got an empty value. This is discouraged for accessibility reasons and may be disallowed in the future by raising an exception. Please provide a non-empty label and hide it with label_visibility if needed.
Stack (most recent call last):
  File "C:\Users\moham\AppData\Local\Programs\Python\Python311\Lib\threading.py", line 1002, in _bootstrap
    self._bootstrap_inner()
  File "C:\Users\moham\AppData\Local\Programs\Python\Python311\Lib\threading.py", line 1045, in _bootstrap_inner
    self.run()
  File "C:\Users\moham\AppData\Local\Programs\Python\Python311\Lib\threading.py", line 982, in run
    self._target(*self._args, **self._kwargs)
  File "C:\projects\auto_grader_project2\.venv\Lib\site-packages\streamlit\runtime\scriptrunner\script_runner.py", line 418, in _run_script_thread
    self._run_script(request.rerun_data)
  File "C:\projects\auto_grader_project2\.venv\Lib\site-packages\streamlit\runtime\scriptrunner\script_runner.py", line 832, in _run_script
    ) = exec_func_with_error_handling(code_to_exec, ctx)
  File "C:\projects\auto_grader_project2\.venv\Lib\site-packages\streamlit\runtime\scriptrunner\exec_code.py", line 129, in exec_func_with_error_handling
    result = func()
  File "C:\projects\auto_grader_project2\.venv\Lib\site-packages\streamlit\runtime\scriptrunner\script_runner.py", line 807, in code_to_exec
    exec(code, module.__dict__)  # noqa: S102
  File "C:\projects\auto_grader_project2\frontend\streamlit_app.py", line 1215, in <module>
    st.metric("", "3", "-2")
  File "C:\projects\auto_grader_project2\.venv\Lib\site-packages\streamlit\runtime\metrics_util.py", line 568, in wrapped_func
    result = non_optional_func(*args, **kwargs)
  File "C:\projects\auto_grader_project2\.venv\Lib\site-packages\streamlit\elements\metric.py", line 370, in metric
    maybe_raise_label_warnings(label, label_visibility)
  File "C:\projects\auto_grader_project2\.venv\Lib\site-packages\streamlit\elements\lib\policies.py", line 150, in maybe_raise_label_warnings
    _LOGGER.warning(
